Archive member included to satisfy reference by file (symbol)

C:/ST/STM32CubeIDE_1.13.0/STM32CubeIDE/plugins/com.st.stm32cube.ide.mcu.externaltools.gnu-tools-for-stm32.11.3.rel1.win32_1.1.0.202305231506/tools/bin/../lib/gcc/arm-none-eabi/11.3.1/../../../../arm-none-eabi/lib/thumb/v7-m/nofp\libc_nano.a(libc_a-exit.o)
                              C:/ST/STM32CubeIDE_1.13.0/STM32CubeIDE/plugins/com.st.stm32cube.ide.mcu.externaltools.gnu-tools-for-stm32.11.3.rel1.win32_1.1.0.202305231506/tools/bin/../lib/gcc/arm-none-eabi/11.3.1/../../../../arm-none-eabi/lib/thumb/v7-m/nofp/crt0.o (exit)
C:/ST/STM32CubeIDE_1.13.0/STM32CubeIDE/plugins/com.st.stm32cube.ide.mcu.externaltools.gnu-tools-for-stm32.11.3.rel1.win32_1.1.0.202305231506/tools/bin/../lib/gcc/arm-none-eabi/11.3.1/../../../../arm-none-eabi/lib/thumb/v7-m/nofp\libc_nano.a(libc_a-findfp.o)
                              C:/ST/STM32CubeIDE_1.13.0/STM32CubeIDE/plugins/com.st.stm32cube.ide.mcu.externaltools.gnu-tools-for-stm32.11.3.rel1.win32_1.1.0.202305231506/tools/bin/../lib/gcc/arm-none-eabi/11.3.1/../../../../arm-none-eabi/lib/thumb/v7-m/nofp\libc_nano.a(libc_a-exit.o) (__stdio_exit_handler)
C:/ST/STM32CubeIDE_1.13.0/STM32CubeIDE/plugins/com.st.stm32cube.ide.mcu.externaltools.gnu-tools-for-stm32.11.3.rel1.win32_1.1.0.202305231506/tools/bin/../lib/gcc/arm-none-eabi/11.3.1/../../../../arm-none-eabi/lib/thumb/v7-m/nofp\libc_nano.a(libc_a-fwalk.o)
                              C:/ST/STM32CubeIDE_1.13.0/STM32CubeIDE/plugins/com.st.stm32cube.ide.mcu.externaltools.gnu-tools-for-stm32.11.3.rel1.win32_1.1.0.202305231506/tools/bin/../lib/gcc/arm-none-eabi/11.3.1/../../../../arm-none-eabi/lib/thumb/v7-m/nofp\libc_nano.a(libc_a-findfp.o) (_fwalk_sglue)
C:/ST/STM32CubeIDE_1.13.0/STM32CubeIDE/plugins/com.st.stm32cube.ide.mcu.externaltools.gnu-tools-for-stm32.11.3.rel1.win32_1.1.0.202305231506/tools/bin/../lib/gcc/arm-none-eabi/11.3.1/../../../../arm-none-eabi/lib/thumb/v7-m/nofp\libc_nano.a(libc_a-stdio.o)
                              C:/ST/STM32CubeIDE_1.13.0/STM32CubeIDE/plugins/com.st.stm32cube.ide.mcu.externaltools.gnu-tools-for-stm32.11.3.rel1.win32_1.1.0.202305231506/tools/bin/../lib/gcc/arm-none-eabi/11.3.1/../../../../arm-none-eabi/lib/thumb/v7-m/nofp\libc_nano.a(libc_a-findfp.o) (__sread)
C:/ST/STM32CubeIDE_1.13.0/STM32CubeIDE/plugins/com.st.stm32cube.ide.mcu.externaltools.gnu-tools-for-stm32.11.3.rel1.win32_1.1.0.202305231506/tools/bin/../lib/gcc/arm-none-eabi/11.3.1/../../../../arm-none-eabi/lib/thumb/v7-m/nofp\libc_nano.a(libc_a-memset.o)
                              C:/ST/STM32CubeIDE_1.13.0/STM32CubeIDE/plugins/com.st.stm32cube.ide.mcu.externaltools.gnu-tools-for-stm32.11.3.rel1.win32_1.1.0.202305231506/tools/bin/../lib/gcc/arm-none-eabi/11.3.1/../../../../arm-none-eabi/lib/thumb/v7-m/nofp/crt0.o (memset)
C:/ST/STM32CubeIDE_1.13.0/STM32CubeIDE/plugins/com.st.stm32cube.ide.mcu.externaltools.gnu-tools-for-stm32.11.3.rel1.win32_1.1.0.202305231506/tools/bin/../lib/gcc/arm-none-eabi/11.3.1/../../../../arm-none-eabi/lib/thumb/v7-m/nofp\libc_nano.a(libc_a-closer.o)
                              C:/ST/STM32CubeIDE_1.13.0/STM32CubeIDE/plugins/com.st.stm32cube.ide.mcu.externaltools.gnu-tools-for-stm32.11.3.rel1.win32_1.1.0.202305231506/tools/bin/../lib/gcc/arm-none-eabi/11.3.1/../../../../arm-none-eabi/lib/thumb/v7-m/nofp\libc_nano.a(libc_a-stdio.o) (_close_r)
C:/ST/STM32CubeIDE_1.13.0/STM32CubeIDE/plugins/com.st.stm32cube.ide.mcu.externaltools.gnu-tools-for-stm32.11.3.rel1.win32_1.1.0.202305231506/tools/bin/../lib/gcc/arm-none-eabi/11.3.1/../../../../arm-none-eabi/lib/thumb/v7-m/nofp\libc_nano.a(libc_a-reent.o)
                              C:/ST/STM32CubeIDE_1.13.0/STM32CubeIDE/plugins/com.st.stm32cube.ide.mcu.externaltools.gnu-tools-for-stm32.11.3.rel1.win32_1.1.0.202305231506/tools/bin/../lib/gcc/arm-none-eabi/11.3.1/../../../../arm-none-eabi/lib/thumb/v7-m/nofp\libc_nano.a(libc_a-closer.o) (errno)
C:/ST/STM32CubeIDE_1.13.0/STM32CubeIDE/plugins/com.st.stm32cube.ide.mcu.externaltools.gnu-tools-for-stm32.11.3.rel1.win32_1.1.0.202305231506/tools/bin/../lib/gcc/arm-none-eabi/11.3.1/../../../../arm-none-eabi/lib/thumb/v7-m/nofp\libc_nano.a(libc_a-impure.o)
                              C:/ST/STM32CubeIDE_1.13.0/STM32CubeIDE/plugins/com.st.stm32cube.ide.mcu.externaltools.gnu-tools-for-stm32.11.3.rel1.win32_1.1.0.202305231506/tools/bin/../lib/gcc/arm-none-eabi/11.3.1/../../../../arm-none-eabi/lib/thumb/v7-m/nofp\libc_nano.a(libc_a-reent.o) (_impure_ptr)
C:/ST/STM32CubeIDE_1.13.0/STM32CubeIDE/plugins/com.st.stm32cube.ide.mcu.externaltools.gnu-tools-for-stm32.11.3.rel1.win32_1.1.0.202305231506/tools/bin/../lib/gcc/arm-none-eabi/11.3.1/../../../../arm-none-eabi/lib/thumb/v7-m/nofp\libc_nano.a(libc_a-lseekr.o)
[...]
Memory Configuration

Name             Origin             Length             Attributes
RAM              0x0000000020000000 0x0000000000005000 xrw
FLASH            0x0000000008000000 0x0000000000010000 xr
*default*        0x0000000000000000 0xffffffffffffffff

Linker script and memory map

LOAD C:/ST/STM32CubeIDE_1.13.0/STM32CubeIDE/plugins/com.st.stm32cube.ide.mcu.externaltools.gnu-tools-for-stm32.11.3.rel1.win32_1.1.0.202305231506/tools/bin/../lib/gcc/arm-none-eabi/11.3.1/thumb/v7-m/nofp/crti.o
LOAD C:/ST/STM32CubeIDE_1.13.0/STM32CubeIDE/plugins/com.st.stm32cube.ide.mcu.externaltools.gnu-tools-for-stm32.11.3.rel1.win32_1.1.0.202305231506/tools/bin/../lib/gcc/arm-none-eabi/11.3.1/thumb/v7-m/nofp/crtbegin.o
LOAD C:/ST/STM32CubeIDE_1.13.0/STM32CubeIDE/plugins/com.st.stm32cube.ide.mcu.externaltools.gnu-tools-for-stm32.11.3.rel1.win32_1.1.0.202305231506/tools/bin/../lib/gcc/arm-none-eabi/11.3.1/../../../../arm-none-eabi/lib/thumb/v7-m/nofp/crt0.o
LOAD ./Core/Src/ARGB.o
LOAD ./Core/Src/main.o
LOAD ./Core/Src/stm32f1xx_hal_msp.o
LOAD ./Core/Src/stm32f1xx_it.o
LOAD ./Core/Src/syscalls.o
LOAD ./Core/Src/sysmem.o
LOAD ./Core/Src/system_stm32f1xx.o
LOAD ./Core/Startup/startup_stm32f103c8tx.o
LOAD ./Drivers/STM32F1xx_HAL_Driver/Src/stm32f1xx_hal.o
LOAD ./Drivers/STM32F1xx_HAL_Driver/Src/stm32f1xx_hal_cortex.o
LOAD ./Drivers/STM32F1xx_HAL_Driver/Src/stm32f1xx_hal_dma.o
LOAD ./Drivers/STM32F1xx_HAL_Driver/Src/stm32f1xx_hal_exti.o
LOAD ./Drivers/STM32F1xx_HAL_Driver/Src/stm32f1xx_hal_flash.o
LOAD ./Drivers/STM32F1xx_HAL_Driver/Src/stm32f1xx_hal_flash_ex.o
LOAD ./Drivers/STM32F1xx_HAL_Driver/Src/stm32f1xx_hal_gpio.o
LOAD ./Drivers/STM32F1xx_HAL_Driver/Src/stm32f1xx_hal_gpio_ex.o
LOAD ./Drivers/STM32F1xx_HAL_Driver/Src/stm32f1xx_hal_i2c.o
LOAD ./Drivers/STM32F1xx_HAL_Driver/Src/stm32f1xx_hal_pwr.o
LOAD ./Drivers/STM32F1xx_HAL_Driver/Src/stm32f1xx_hal_rcc.o
LOAD ./Drivers/STM32F1xx_HAL_Driver/Src/stm32f1xx_hal_rcc_ex.o
LOAD ./Drivers/STM32F1xx_HAL_Driver/Src/stm32f1xx_hal_tim.o
LOAD ./Drivers/STM32F1xx_HAL_Driver/Src/stm32f1xx_hal_tim_ex.o
LOAD ./Drivers/STM32F1xx_HAL_Driver/Src/stm32f1xx_hal_uart.o
LOAD ./INA219/src/INA219.o
LOAD ./PWM/src/PWM.o
START GROUP
LOAD C:/ST/STM32CubeIDE_1.13.0/STM32CubeIDE/plugins/com.st.stm32cube.ide.mcu.externaltools.gnu-tools-for-stm32.11.3.rel1.win32_1.1.0.202305231506/tools/bin/../lib/gcc/arm-none-eabi/11.3.1/../../../../arm-none-eabi/lib/thumb/v7-m/nofp\libc_nano.a
LOAD C:/ST/STM32CubeIDE_1.13.0/STM32CubeIDE/plugins/com.st.stm32cube.ide.mcu.externaltools.gnu-tools-for-stm32.11.3.rel1.win32_1.1.0.202305231506/tools/bin/../lib/gcc/arm-none-eabi/11.3.1/../../../../arm-none-eabi/lib/thumb/v7-m/nofp\libm.a
END GROUP
START GROUP
LOAD C:/ST/STM32CubeIDE_1.13.0/STM32CubeIDE/plugins/com.st.stm32cube.ide.mcu.externaltools.gnu-tools-for-stm32.11.3.rel1.win32_1.1.0.202305231506/tools/bin/../lib/gcc/arm-none-eabi/11.3.1/thumb/v7-m/nofp\libgcc.a
LOAD C:/ST/STM32CubeIDE_1.13.0/STM32CubeIDE/plugins/com.st.stm32cube.ide.mcu.externaltools.gnu-tools-for-stm32.11.3.rel1.win32_1.1.0.202305231506/tools/bin/../lib/gcc/arm-none-eabi/11.3.1/../../../../arm-none-eabi/lib/thumb/v7-m/nofp\libc_nano.a
END GROUP
START GROUP
LOAD C:/ST/STM32CubeIDE_1.13.0/STM32CubeIDE/plugins/com.st.stm32cube.ide.mcu.externaltools.gnu-tools-for-stm32.11.3.rel1.win32_1.1.0.202305231506/tools/bin/../lib/gcc/arm-none-eabi/11.3.1/thumb/v7-m/nofp\libgcc.a
LOAD C:/ST/STM32CubeIDE_1.13.0/STM32CubeIDE/plugins/com.st.stm32cube.ide.mcu.externaltools.gnu-tools-for-stm32.11.3.rel1.win32_1.1.0.202305231506/tools/bin/../lib/gcc/arm-none-eabi/11.3.1/../../../../arm-none-eabi/lib/thumb/v7-m/nofp\libc_nano.a
LOAD C:/ST/STM32CubeIDE_1.13.0/STM32CubeIDE/plugins/com.st.stm32cube.ide.mcu.externaltools.gnu-tools-for-stm32.11.3.rel1.win32_1.1.0.202305231506/tools/bin/../lib/gcc/arm-none-eabi/11.3.1/../../../../arm-none-eabi/lib/thumb/v7-m/nofp\libnosys.a
END GROUP
START GROUP
LOAD C:/ST/STM32CubeIDE_1.13.0/STM32CubeIDE/plugins/com.st.stm32cube.ide.mcu.externaltools.gnu-tools-for-stm32.11.3.rel1.win32_1.1.0.202305231506/tools/bin/../lib/gcc/arm-none-eabi/11.3.1/thumb/v7-m/nofp\libgcc.a
LOAD C:/ST/STM32CubeIDE_1.13.0/STM32CubeIDE/plugins/com.st.stm32cube.ide.mcu.externaltools.gnu-tools-for-stm32.11.3.rel1.win32_1.1.0.202305231506/tools/bin/../lib/gcc/arm-none-eabi/11.3.1/../../../../arm-none-eabi/lib/thumb/v7-m/nofp\libc_nano.a
LOAD C:/ST/STM32CubeIDE_1.13.0/STM32CubeIDE/plugins/com.st.stm32cube.ide.mcu.externaltools.gnu-tools-for-stm32.11.3.rel1.win32_1.1.0.202305231506/tools/bin/../lib/gcc/arm-none-eabi/11.3.1/../../../../arm-none-eabi/lib/thumb/v7-m/nofp\libnosys.a
END GROUP
LOAD C:/ST/STM32CubeIDE_1.13.0/STM32CubeIDE/plugins/com.st.stm32cube.ide.mcu.externaltools.gnu-tools-for-stm32.11.3.rel1.win32_1.1.0.202305231506/tools/bin/../lib/gcc/arm-none-eabi/11.3.1/thumb/v7-m/nofp/crtend.o
LOAD C:/ST/STM32CubeIDE_1.13.0/STM32CubeIDE/plugins/com.st.stm32cube.ide.mcu.externaltools.gnu-tools-for-stm32.11.3.rel1.win32_1.1.0.202305231506/tools/bin/../lib/gcc/arm-none-eabi/11.3.1/thumb/v7-m/nofp/crtn.o
                0x0000000020005000                _estack = (ORIGIN (RAM) + LENGTH (RAM))
                0x0000000000000200                _Min_Heap_Size = 0x200
                0x0000000000000400                _Min_Stack_Size = 0x400

.isr_vector     0x0000000008000000      0x10c
                0x0000000008000000                . = ALIGN (0x4)
 *(.isr_vector)
 .isr_vector    0x0000000008000000      0x10c ./Core/Startup/startup_stm32f103c8tx.o
                0x0000000008000000                g_pfnVectors
                0x000000000800010c                . = ALIGN (0x4)

.text           0x0000000008000110     0x4620
                0x0000000008000110                . = ALIGN (0x4)
 *(.text)
 .text          0x0000000008000110       0x40 C:/ST/STM32CubeIDE_1.13.0/STM32CubeIDE/plugins/com.st.stm32cube.ide.mcu.externaltools.gnu-tools-for-stm32.11.3.rel1.win32_1.1.0.202305231506/tools/bin/../lib/gcc/arm-none-eabi/11.3.1/thumb/v7-m/nofp/crtbegin.o
 .text          0x0000000008000150      0x254 C:/ST/STM32CubeIDE_1.13.0/STM32CubeIDE/plugins/com.st.stm32cube.ide.mcu.externaltools.gnu-tools-for-stm32.11.3.rel1.win32_1.1.0.202305231506/tools/bin/../lib/gcc/arm-none-eabi/11.3.1/thumb/v7-m/nofp\libgcc.a(_arm_muldf3.o)
                0x0000000008000150                __muldf3
                0x0000000008000150                __aeabi_dmul
 .text          0x00000000080003a4      0x378 C:/ST/STM32CubeIDE_1.13.0/STM32CubeIDE/plugins/com.st.stm32cube.ide.mcu.externaltools.gnu-tools-for-stm32.11.3.rel1.win32_1.1.0.202305231506/tools/bin/../lib/gcc/arm-none-eabi/11.3.1/thumb/v7-m/nofp\libgcc.a(_arm_addsubdf3.o)
                0x00000000080003a4                __aeabi_drsub
                0x00000000080003ac                __aeabi_dsub
                0x00000000080003ac                __subdf3
                0x00000000080003b0                __aeabi_dadd
                0x00000000080003b0                __adddf3
                0x0000000008000628                __floatunsidf
                0x0000000008000628                __aeabi_ui2d
                0x0000000008000648                __floatsidf
                0x0000000008000648                __aeabi_i2d
                0x000000000800066c                __aeabi_f2d
                0x000000000800066c                __extendsfdf2
                0x00000000080006b0                __floatundidf
                0x00000000080006b0                __aeabi_ul2d
                0x00000000080006c0                __floatdidf
                0x00000000080006c0                __aeabi_l2d
 .text          0x000000000800071c       0x40 C:/ST/STM32CubeIDE_1.13.0/STM32CubeIDE/plugins/com.st.stm32cube.ide.mcu.externaltools.gnu-tools-for-stm32.11.3.rel1.win32_1.1.0.202305231506/tools/bin/../lib/gcc/arm-none-eabi/11.3.1/thumb/v7-m/nofp\libgcc.a(_arm_fixunsdfsi.o)
                0x000000000800071c                __aeabi_d2uiz
                0x000000000800071c                __fixunsdfsi
 *(.text*)
 *fill*         0x000000000800075c        0x4 
 .text.ARGB_Init
                0x0000000008000760       0xf0 ./Core/Src/ARGB.o
                0x0000000008000760                ARGB_Init
 .text.ARGB_SetBrightness
                0x0000000008000850       0x20 ./Core/Src/ARGB.o
                0x0000000008000850                ARGB_SetBrightness
 .text.ARGB_SetRGB
                0x0000000008000870       0xf8 ./Core/Src/ARGB.o
                0x0000000008000870                ARGB_SetRGB
 .text.ARGB_FillRGB
                0x0000000008000968       0x42 ./Core/Src/ARGB.o
                0x0000000008000968                ARGB_FillRGB
 .text.scale8   0x00000000080009aa       0x26 ./Core/Src/ARGB.o
 .text.main     0x00000000080009d0      0x248 ./Core/Src/main.o
                0x00000000080009d0                main
 .text.SystemClock_Config
                0x0000000008000c18       0x8a ./Core/Src/main.o
                0x0000000008000c18                SystemClock_Config
 *fill*         0x0000000008000ca2        0x2 
 .text.MX_I2C1_Init
                0x0000000008000ca4       0x5c ./Core/Src/main.o
 .text.MX_TIM1_Init
                0x0000000008000d00      0x108 ./Core/Src/main.o
 .text.MX_TIM2_Init
                0x0000000008000e08      0x100 ./Core/Src/main.o
 .text.MX_TIM3_Init
                0x0000000008000f08       0xcc ./Core/Src/main.o
 .text.MX_USART1_UART_Init
                0x0000000008000fd4       0x54 ./Core/Src/main.o
 .text.MX_GPIO_Init
                0x0000000008001028       0x5c ./Core/Src/main.o
 .text.HAL_TIM_IC_CaptureCallback
                0x0000000008001084      0x118 ./Core/Src/main.o
                0x0000000008001084                HAL_TIM_IC_CaptureCallback
 .text.Error_Handler
                0x000000000800119c        0xa ./Core/Src/main.o
                0x000000000800119c                Error_Handler
 *fill*         0x00000000080011a6        0x2 
 .text.HAL_MspInit
                0x00000000080011a8       0x64 ./Core/Src/stm32f1xx_hal_msp.o
                0x00000000080011a8                HAL_MspInit
 .text.HAL_I2C_MspInit
                0x000000000800120c       0xa0 ./Core/Src/stm32f1xx_hal_msp.o
                0x000000000800120c                HAL_I2C_MspInit
 .text.HAL_TIM_IC_MspInit
                0x00000000080012ac       0xf4 ./Core/Src/stm32f1xx_hal_msp.o
                0x00000000080012ac                HAL_TIM_IC_MspInit
 .text.HAL_TIM_PWM_MspInit
                0x00000000080013a0       0x3c ./Core/Src/stm32f1xx_hal_msp.o
                0x00000000080013a0                HAL_TIM_PWM_MspInit
 .text.HAL_TIM_MspPostInit
                0x00000000080013dc       0x64 ./Core/Src/stm32f1xx_hal_msp.o
                0x00000000080013dc                HAL_TIM_MspPostInit
 .text.HAL_UART_MspInit
                0x0000000008001440       0xb4 ./Core/Src/stm32f1xx_hal_msp.o
                0x0000000008001440                HAL_UART_MspInit
 .text.NMI_Handler
                0x00000000080014f4        0x6 ./Core/Src/stm32f1xx_it.o
                0x00000000080014f4                NMI_Handler
 .text.HardFault_Handler
                0x00000000080014fa        0x6 ./Core/Src/stm32f1xx_it.o
                0x00000000080014fa                HardFault_Handler
 .text.MemManage_Handler
                0x0000000008001500        0x6 ./Core/Src/stm32f1xx_it.o
                0x0000000008001500                MemManage_Handler
 .text.BusFault_Handler
                0x0000000008001506        0x6 ./Core/Src/stm32f1xx_it.o
                0x0000000008001506                BusFault_Handler
 .text.UsageFault_Handler
                0x000000000800150c        0x6 ./Core/Src/stm32f1xx_it.o
                0x000000000800150c                UsageFault_Handler
 .text.SVC_Handler
                0x0000000008001512        0xc ./Core/Src/stm32f1xx_it.o
                0x0000000008001512                SVC_Handler
 .text.DebugMon_Handler
                0x000000000800151e        0xc ./Core/Src/stm32f1xx_it.o
                0x000000000800151e                DebugMon_Handler
 .text.PendSV_Handler
                0x000000000800152a        0xc ./Core/Src/stm32f1xx_it.o
                0x000000000800152a                PendSV_Handler
 .text.SysTick_Handler
                0x0000000008001536        0xc ./Core/Src/stm32f1xx_it.o
                0x0000000008001536                SysTick_Handler
 *fill*         0x0000000008001542        0x2 
 .text.TIM1_CC_IRQHandler
                0x0000000008001544       0x14 ./Core/Src/stm32f1xx_it.o
                0x0000000008001544                TIM1_CC_IRQHandler
 .text.TIM2_IRQHandler
                0x0000000008001558       0x14 ./Core/Src/stm32f1xx_it.o
                0x0000000008001558                TIM2_IRQHandler
 .text.SystemInit
                0x000000000800156c        0xc ./Core/Src/system_stm32f1xx.o
                0x000000000800156c                SystemInit
 .text.Reset_Handler
                0x0000000008001578       0x48 ./Core/Startup/startup_stm32f103c8tx.o
                0x0000000008001578                Reset_Handler
 .text.Default_Handler
                0x00000000080015c0        0x2 ./Core/Startup/startup_stm32f103c8tx.o
                0x00000000080015c0                RTC_Alarm_IRQHandler
                0x00000000080015c0                EXTI2_IRQHandler
                0x00000000080015c0                PVD_IRQHandler
                0x00000000080015c0                EXTI3_IRQHandler
                0x00000000080015c0                EXTI0_IRQHandler
                0x00000000080015c0                I2C2_EV_IRQHandler
                0x00000000080015c0                ADC1_2_IRQHandler
                0x00000000080015c0                SPI1_IRQHandler
                0x00000000080015c0                TAMPER_IRQHandler
                0x00000000080015c0                DMA1_Channel4_IRQHandler
                0x00000000080015c0                USART3_IRQHandler
                0x00000000080015c0                RTC_IRQHandler
                0x00000000080015c0                DMA1_Channel7_IRQHandler
                0x00000000080015c0                CAN1_RX1_IRQHandler
                0x00000000080015c0                TIM4_IRQHandler
                0x00000000080015c0                I2C1_EV_IRQHandler
                0x00000000080015c0                DMA1_Channel6_IRQHandler
                0x00000000080015c0                TIM3_IRQHandler
                0x00000000080015c0                RCC_IRQHandler
                0x00000000080015c0                TIM1_TRG_COM_IRQHandler
                0x00000000080015c0                DMA1_Channel1_IRQHandler
                0x00000000080015c0                Default_Handler
                0x00000000080015c0                EXTI15_10_IRQHandler
                0x00000000080015c0                EXTI9_5_IRQHandler
                0x00000000080015c0                SPI2_IRQHandler
                0x00000000080015c0                DMA1_Channel5_IRQHandler
                0x00000000080015c0                EXTI4_IRQHandler
                0x00000000080015c0                USB_LP_CAN1_RX0_IRQHandler
                0x00000000080015c0                USB_HP_CAN1_TX_IRQHandler
                0x00000000080015c0                DMA1_Channel3_IRQHandler
                0x00000000080015c0                TIM1_UP_IRQHandler
                0x00000000080015c0                WWDG_IRQHandler
                0x00000000080015c0                TIM1_BRK_IRQHandler
                0x00000000080015c0                EXTI1_IRQHandler
                0x00000000080015c0                USART2_IRQHandler
                0x00000000080015c0                I2C2_ER_IRQHandler
                0x00000000080015c0                DMA1_Channel2_IRQHandler
                0x00000000080015c0                CAN1_SCE_IRQHandler
                0x00000000080015c0                FLASH_IRQHandler
                0x00000000080015c0                USART1_IRQHandler
                0x00000000080015c0                I2C1_ER_IRQHandler
                0x00000000080015c0                USBWakeUp_IRQHandler
 *fill*         0x00000000080015c2        0x2 
 .text.HAL_Init
                0x00000000080015c4       0x2c ./Drivers/STM32F1xx_HAL_Driver/Src/stm32f1xx_hal.o
                0x00000000080015c4                HAL_Init
 .text.HAL_InitTick
                0x00000000080015f0       0x60 ./Drivers/STM32F1xx_HAL_Driver/Src/stm32f1xx_hal.o
                0x00000000080015f0                HAL_InitTick
 .text.HAL_IncTick
                0x0000000008001650       0x24 ./Drivers/STM32F1xx_HAL_Driver/Src/stm32f1xx_hal.o
                0x0000000008001650                HAL_IncTick
 .text.HAL_GetTick
                0x0000000008001674       0x14 ./Drivers/STM32F1xx_HAL_Driver/Src/stm32f1xx_hal.o
                0x0000000008001674                HAL_GetTick
 .text.HAL_Delay
                0x0000000008001688       0x48 ./Drivers/STM32F1xx_HAL_Driver/Src/stm32f1xx_hal.o
                0x0000000008001688                HAL_Delay
 .text.__NVIC_SetPriorityGrouping
                0x00000000080016d0       0x48 ./Drivers/STM32F1xx_HAL_Driver/Src/stm32f1xx_hal_cortex.o
 .text.__NVIC_GetPriorityGrouping
                0x0000000008001718       0x1c ./Drivers/STM32F1xx_HAL_Driver/Src/stm32f1xx_hal_cortex.o
 .text.__NVIC_EnableIRQ
                0x0000000008001734       0x38 ./Drivers/STM32F1xx_HAL_Driver/Src/stm32f1xx_hal_cortex.o
 .text.__NVIC_SetPriority
                0x000000000800176c       0x54 ./Drivers/STM32F1xx_HAL_Driver/Src/stm32f1xx_hal_cortex.o
 .text.NVIC_EncodePriority
                0x00000000080017c0       0x64 ./Drivers/STM32F1xx_HAL_Driver/Src/stm32f1xx_hal_cortex.o
 .text.SysTick_Config
                0x0000000008001824       0x44 ./Drivers/STM32F1xx_HAL_Driver/Src/stm32f1xx_hal_cortex.o
 .text.HAL_NVIC_SetPriorityGrouping
                0x0000000008001868       0x16 ./Drivers/STM32F1xx_HAL_Driver/Src/stm32f1xx_hal_cortex.o
                0x0000000008001868                HAL_NVIC_SetPriorityGrouping
 .text.HAL_NVIC_SetPriority
                0x000000000800187e       0x38 ./Drivers/STM32F1xx_HAL_Driver/Src/stm32f1xx_hal_cortex.o
                0x000000000800187e                HAL_NVIC_SetPriority
 .text.HAL_NVIC_EnableIRQ
                0x00000000080018b6       0x1c ./Drivers/STM32F1xx_HAL_Driver/Src/stm32f1xx_hal_cortex.o
                0x00000000080018b6                HAL_NVIC_EnableIRQ
 .text.HAL_SYSTICK_Config
                0x00000000080018d2       0x18 ./Drivers/STM32F1xx_HAL_Driver/Src/stm32f1xx_hal_cortex.o
                0x00000000080018d2                HAL_SYSTICK_Config
 *fill*         0x00000000080018ea        0x2 
 .text.HAL_GPIO_Init
                0x00000000080018ec      0x308 ./Drivers/STM32F1xx_HAL_Driver/Src/stm32f1xx_hal_gpio.o
                0x00000000080018ec                HAL_GPIO_Init
 .text.HAL_GPIO_WritePin
                0x0000000008001bf4       0x30 ./Drivers/STM32F1xx_HAL_Driver/Src/stm32f1xx_hal_gpio.o
                0x0000000008001bf4                HAL_GPIO_WritePin
 .text.HAL_I2C_Init
                0x0000000008001c24      0x288 ./Drivers/STM32F1xx_HAL_Driver/Src/stm32f1xx_hal_i2c.o
                0x0000000008001c24                HAL_I2C_Init
 .text.HAL_I2C_Mem_Write
                0x0000000008001eac      0x1f4 ./Drivers/STM32F1xx_HAL_Driver/Src/stm32f1xx_hal_i2c.o
                0x0000000008001eac                HAL_I2C_Mem_Write
 .text.HAL_I2C_IsDeviceReady
                0x00000000080020a0      0x25c ./Drivers/STM32F1xx_HAL_Driver/Src/stm32f1xx_hal_i2c.o
                0x00000000080020a0                HAL_I2C_IsDeviceReady
 .text.I2C_RequestMemoryWrite
                0x00000000080022fc      0x12c ./Drivers/STM32F1xx_HAL_Driver/Src/stm32f1xx_hal_i2c.o
 .text.I2C_WaitOnFlagUntilTimeout
                0x0000000008002428       0xf4 ./Drivers/STM32F1xx_HAL_Driver/Src/stm32f1xx_hal_i2c.o
 .text.I2C_WaitOnMasterAddressFlagUntilTimeout
                0x000000000800251c      0x140 ./Drivers/STM32F1xx_HAL_Driver/Src/stm32f1xx_hal_i2c.o
 .text.I2C_WaitOnTXEFlagUntilTimeout
                0x000000000800265c       0x90 ./Drivers/STM32F1xx_HAL_Driver/Src/stm32f1xx_hal_i2c.o
 .text.I2C_WaitOnBTFFlagUntilTimeout
                0x00000000080026ec       0x90 ./Drivers/STM32F1xx_HAL_Driver/Src/stm32f1xx_hal_i2c.o
 .text.I2C_IsAcknowledgeFailed
                0x000000000800277c       0x5c ./Drivers/STM32F1xx_HAL_Driver/Src/stm32f1xx_hal_i2c.o
 .text.HAL_RCC_OscConfig
                0x00000000080027d8      0x504 ./Drivers/STM32F1xx_HAL_Driver/Src/stm32f1xx_hal_rcc.o
                0x00000000080027d8                HAL_RCC_OscConfig
 .text.HAL_RCC_ClockConfig
                0x0000000008002cdc      0x1d4 ./Drivers/STM32F1xx_HAL_Driver/Src/stm32f1xx_hal_rcc.o
                0x0000000008002cdc                HAL_RCC_ClockConfig
 .text.HAL_RCC_GetSysClockFreq
                0x0000000008002eb0       0xa8 ./Drivers/STM32F1xx_HAL_Driver/Src/stm32f1xx_hal_rcc.o
                0x0000000008002eb0                HAL_RCC_GetSysClockFreq
 .text.HAL_RCC_GetHCLKFreq
                0x0000000008002f58       0x14 ./Drivers/STM32F1xx_HAL_Driver/Src/stm32f1xx_hal_rcc.o
                0x0000000008002f58                HAL_RCC_GetHCLKFreq
 .text.HAL_RCC_GetPCLK1Freq
                0x0000000008002f6c       0x28 ./Drivers/STM32F1xx_HAL_Driver/Src/stm32f1xx_hal_rcc.o
                0x0000000008002f6c                HAL_RCC_GetPCLK1Freq
 .text.HAL_RCC_GetPCLK2Freq
                0x0000000008002f94       0x28 ./Drivers/STM32F1xx_HAL_Driver/Src/stm32f1xx_hal_rcc.o
                0x0000000008002f94                HAL_RCC_GetPCLK2Freq
 .text.RCC_Delay
                0x0000000008002fbc       0x3c ./Drivers/STM32F1xx_HAL_Driver/Src/stm32f1xx_hal_rcc.o
 .text.HAL_TIM_PWM_Init
                0x0000000008002ff8       0x9e ./Drivers/STM32F1xx_HAL_Driver/Src/stm32f1xx_hal_tim.o
                0x0000000008002ff8                HAL_TIM_PWM_Init
 *fill*         0x0000000008003096        0x2 
 .text.HAL_TIM_PWM_Start
                0x0000000008003098      0x144 ./Drivers/STM32F1xx_HAL_Driver/Src/stm32f1xx_hal_tim.o
                0x0000000008003098                HAL_TIM_PWM_Start
 .text.HAL_TIM_IC_Init
                0x00000000080031dc       0x9e ./Drivers/STM32F1xx_HAL_Driver/Src/stm32f1xx_hal_tim.o
                0x00000000080031dc                HAL_TIM_IC_Init
 *fill*         0x000000000800327a        0x2 
 .text.HAL_TIM_IC_Start_IT
                0x000000000800327c      0x218 ./Drivers/STM32F1xx_HAL_Driver/Src/stm32f1xx_hal_tim.o
                0x000000000800327c                HAL_TIM_IC_Start_IT
 .text.HAL_TIM_IRQHandler
                0x0000000008003494      0x210 ./Drivers/STM32F1xx_HAL_Driver/Src/stm32f1xx_hal_tim.o
                0x0000000008003494                HAL_TIM_IRQHandler
 .text.HAL_TIM_IC_ConfigChannel
                0x00000000080036a4      0x138 ./Drivers/STM32F1xx_HAL_Driver/Src/stm32f1xx_hal_tim.o
                0x00000000080036a4                HAL_TIM_IC_ConfigChannel
 .text.HAL_TIM_PWM_ConfigChannel
                0x00000000080037dc      0x184 ./Drivers/STM32F1xx_HAL_Driver/Src/stm32f1xx_hal_tim.o
                0x00000000080037dc                HAL_TIM_PWM_ConfigChannel
 .text.HAL_TIM_ReadCapturedValue
                0x0000000008003960       0x88 ./Drivers/STM32F1xx_HAL_Driver/Src/stm32f1xx_hal_tim.o
                0x0000000008003960                HAL_TIM_ReadCapturedValue
 .text.HAL_TIM_PeriodElapsedCallback
                0x00000000080039e8       0x12 ./Drivers/STM32F1xx_HAL_Driver/Src/stm32f1xx_hal_tim.o
                0x00000000080039e8                HAL_TIM_PeriodElapsedCallback
 .text.HAL_TIM_OC_DelayElapsedCallback
                0x00000000080039fa       0x12 ./Drivers/STM32F1xx_HAL_Driver/Src/stm32f1xx_hal_tim.o
                0x00000000080039fa                HAL_TIM_OC_DelayElapsedCallback
 .text.HAL_TIM_PWM_PulseFinishedCallback
                0x0000000008003a0c       0x12 ./Drivers/STM32F1xx_HAL_Driver/Src/stm32f1xx_hal_tim.o
                0x0000000008003a0c                HAL_TIM_PWM_PulseFinishedCallback
 .text.HAL_TIM_TriggerCallback
                0x0000000008003a1e       0x12 ./Drivers/STM32F1xx_HAL_Driver/Src/stm32f1xx_hal_tim.o
                0x0000000008003a1e                HAL_TIM_TriggerCallback
 .text.TIM_Base_SetConfig
                0x0000000008003a30       0xc4 ./Drivers/STM32F1xx_HAL_Driver/Src/stm32f1xx_hal_tim.o
                0x0000000008003a30                TIM_Base_SetConfig
 .text.TIM_OC1_SetConfig
                0x0000000008003af4       0xcc ./Drivers/STM32F1xx_HAL_Driver/Src/stm32f1xx_hal_tim.o
 .text.TIM_OC2_SetConfig
                0x0000000008003bc0       0xd4 ./Drivers/STM32F1xx_HAL_Driver/Src/stm32f1xx_hal_tim.o
                0x0000000008003bc0                TIM_OC2_SetConfig
 .text.TIM_OC3_SetConfig
                0x0000000008003c94       0xd4 ./Drivers/STM32F1xx_HAL_Driver/Src/stm32f1xx_hal_tim.o
 .text.TIM_OC4_SetConfig
                0x0000000008003d68       0x9c ./Drivers/STM32F1xx_HAL_Driver/Src/stm32f1xx_hal_tim.o
 .text.TIM_TI1_SetConfig
                0x0000000008003e04       0xb4 ./Drivers/STM32F1xx_HAL_Driver/Src/stm32f1xx_hal_tim.o
                0x0000000008003e04                TIM_TI1_SetConfig
 .text.TIM_TI2_SetConfig
                0x0000000008003eb8       0x78 ./Drivers/STM32F1xx_HAL_Driver/Src/stm32f1xx_hal_tim.o
 .text.TIM_TI3_SetConfig
                0x0000000008003f30       0x76 ./Drivers/STM32F1xx_HAL_Driver/Src/stm32f1xx_hal_tim.o
 .text.TIM_TI4_SetConfig
                0x0000000008003fa6       0x78 ./Drivers/STM32F1xx_HAL_Driver/Src/stm32f1xx_hal_tim.o
 .text.TIM_CCxChannelCmd
                0x000000000800401e       0x48 ./Drivers/STM32F1xx_HAL_Driver/Src/stm32f1xx_hal_tim.o
                0x000000000800401e                TIM_CCxChannelCmd
 *fill*         0x0000000008004066        0x2 
 .text.HAL_TIMEx_MasterConfigSynchronization
                0x0000000008004068       0xbc ./Drivers/STM32F1xx_HAL_Driver/Src/stm32f1xx_hal_tim_ex.o
                0x0000000008004068                HAL_TIMEx_MasterConfigSynchronization
 .text.HAL_TIMEx_CommutCallback
                0x0000000008004124       0x12 ./Drivers/STM32F1xx_HAL_Driver/Src/stm32f1xx_hal_tim_ex.o
                0x0000000008004124                HAL_TIMEx_CommutCallback
 .text.HAL_TIMEx_BreakCallback
                0x0000000008004136       0x12 ./Drivers/STM32F1xx_HAL_Driver/Src/stm32f1xx_hal_tim_ex.o
                0x0000000008004136                HAL_TIMEx_BreakCallback
 .text.HAL_UART_Init
                0x0000000008004148       0xa0 ./Drivers/STM32F1xx_HAL_Driver/Src/stm32f1xx_hal_uart.o
                0x0000000008004148                HAL_UART_Init
 .text.HAL_UART_Transmit
                0x00000000080041e8      0x106 ./Drivers/STM32F1xx_HAL_Driver/Src/stm32f1xx_hal_uart.o
                0x00000000080041e8                HAL_UART_Transmit
 .text.UART_WaitOnFlagUntilTimeout
                0x00000000080042ee       0xdc ./Drivers/STM32F1xx_HAL_Driver/Src/stm32f1xx_hal_uart.o
 *fill*         0x00000000080043ca        0x2 
 .text.UART_SetConfig
                0x00000000080043cc      0x11c ./Drivers/STM32F1xx_HAL_Driver/Src/stm32f1xx_hal_uart.o
 .text.Write16  0x00000000080044e8       0x48 ./INA219/src/INA219.o
                0x00000000080044e8                Write16
 .text.INA219_Reset
                0x0000000008004530       0x22 ./INA219/src/INA219.o
                0x0000000008004530                INA219_Reset
 .text.INA219_setCalibration
                0x0000000008004552       0x20 ./INA219/src/INA219.o
                0x0000000008004552                INA219_setCalibration
 .text.INA219_setConfig
                0x0000000008004572       0x20 ./INA219/src/INA219.o
                0x0000000008004572                INA219_setConfig
 *fill*         0x0000000008004592        0x2 
 .text.INA219_setCalibration_32V_2A
                0x0000000008004594       0x4c ./INA219/src/INA219.o
                0x0000000008004594                INA219_setCalibration_32V_2A
 .text.INA219_Init
                0x00000000080045e0       0x64 ./INA219/src/INA219.o
                0x00000000080045e0                INA219_Init
 .text.CALC_FREQ
                0x0000000008004644       0x7c ./PWM/src/PWM.o
                0x0000000008004644                CALC_FREQ
 .text.memset   0x00000000080046c0       0x10 C:/ST/STM32CubeIDE_1.13.0/STM32CubeIDE/plugins/com.st.stm32cube.ide.mcu.externaltools.gnu-tools-for-stm32.11.3.rel1.win32_1.1.0.202305231506/tools/bin/../lib/gcc/arm-none-eabi/11.3.1/../../../../arm-none-eabi/lib/thumb/v7-m/nofp\libc_nano.a(libc_a-memset.o)
                0x00000000080046c0                memset
 .text.__libc_init_array
                0x00000000080046d0       0x48 C:/ST/STM32CubeIDE_1.13.0/STM32CubeIDE/plugins/com.st.stm32cube.ide.mcu.externaltools.gnu-tools-for-stm32.11.3.rel1.win32_1.1.0.202305231506/tools/bin/../lib/gcc/arm-none-eabi/11.3.1/../../../../arm-none-eabi/lib/thumb/v7-m/nofp\libc_nano.a(libc_a-init.o)
                0x00000000080046d0                __libc_init_array
 *(.glue_7)
 .glue_7        0x0000000008004718        0x0 linker stubs
 *(.glue_7t)
 .glue_7t       0x0000000008004718        0x0 linker stubs
 *(.eh_frame)
 .eh_frame      0x0000000008004718        0x0 C:/ST/STM32CubeIDE_1.13.0/STM32CubeIDE/plugins/com.st.stm32cube.ide.mcu.externaltools.gnu-tools-for-stm32.11.3.rel1.win32_1.1.0.202305231506/tools/bin/../lib/gcc/arm-none-eabi/11.3.1/thumb/v7-m/nofp/crtbegin.o
 *(.init)
 .init          0x0000000008004718        0x4 C:/ST/STM32CubeIDE_1.13.0/STM32CubeIDE/plugins/com.st.stm32cube.ide.mcu.externaltools.gnu-tools-for-stm32.11.3.rel1.win32_1.1.0.202305231506/tools/bin/../lib/gcc/arm-none-eabi/11.3.1/thumb/v7-m/nofp/crti.o
                0x0000000008004718                _init
 .init          0x000000000800471c        0x8 C:/ST/STM32CubeIDE_1.13.0/STM32CubeIDE/plugins/com.st.stm32cube.ide.mcu.externaltools.gnu-tools-for-stm32.11.3.rel1.win32_1.1.0.202305231506/tools/bin/../lib/gcc/arm-none-eabi/11.3.1/thumb/v7-m/nofp/crtn.o
 *(.fini)
 .fini          0x0000000008004724        0x4 C:/ST/STM32CubeIDE_1.13.0/STM32CubeIDE/plugins/com.st.stm32cube.ide.mcu.externaltools.gnu-tools-for-stm32.11.3.rel1.win32_1.1.0.202305231506/tools/bin/../lib/gcc/arm-none-eabi/11.3.1/thumb/v7-m/nofp/crti.o
                0x0000000008004724                _fini
 .fini          0x0000000008004728        0x8 C:/ST/STM32CubeIDE_1.13.0/STM32CubeIDE/plugins/com.st.stm32cube.ide.mcu.externaltools.gnu-tools-for-stm32.11.3.rel1.win32_1.1.0.202305231506/tools/bin/../lib/gcc/arm-none-eabi/11.3.1/thumb/v7-m/nofp/crtn.o
                0x0000000008004730                . = ALIGN (0x4)
                0x0000000008004730                _etext = .

.vfp11_veneer   0x0000000008004730        0x0
 .vfp11_veneer  0x0000000008004730        0x0 linker stubs

.v4_bx          0x0000000008004730        0x0
 .v4_bx         0x0000000008004730        0x0 linker stubs

.iplt           0x0000000008004730        0x0
 .iplt          0x0000000008004730        0x0 C:/ST/STM32CubeIDE_1.13.0/STM32CubeIDE/plugins/com.st.stm32cube.ide.mcu.externaltools.gnu-tools-for-stm32.11.3.rel1.win32_1.1.0.202305231506/tools/bin/../lib/gcc/arm-none-eabi/11.3.1/thumb/v7-m/nofp/crtbegin.o

.rodata         0x0000000008004730       0x2c
                0x0000000008004730                . = ALIGN (0x4)
 *(.rodata)
 *(.rodata*)
 .rodata.AHBPrescTable
                0x0000000008004730       0x10 ./Core/Src/system_stm32f1xx.o
                0x0000000008004730                AHBPrescTable
 .rodata.APBPrescTable
                0x0000000008004740        0x8 ./Core/Src/system_stm32f1xx.o
                0x0000000008004740                APBPrescTable
 .rodata.aPLLMULFactorTable.1
                0x0000000008004748       0x10 ./Drivers/STM32F1xx_HAL_Driver/Src/stm32f1xx_hal_rcc.o
 .rodata.aPredivFactorTable.0
                0x0000000008004758        0x2 ./Drivers/STM32F1xx_HAL_Driver/Src/stm32f1xx_hal_rcc.o
                0x000000000800475c                . = ALIGN (0x4)
 *fill*         0x000000000800475a        0x2 

.rel.dyn        0x000000000800475c        0x0
 .rel.iplt      0x000000000800475c        0x0 C:/ST/STM32CubeIDE_1.13.0/STM32CubeIDE/plugins/com.st.stm32cube.ide.mcu.externaltools.gnu-tools-for-stm32.11.3.rel1.win32_1.1.0.202305231506/tools/bin/../lib/gcc/arm-none-eabi/11.3.1/thumb/v7-m/nofp/crtbegin.o

.ARM.extab      0x000000000800475c        0x0
                0x000000000800475c                . = ALIGN (0x4)
 *(.ARM.extab* .gnu.linkonce.armextab.*)
                0x000000000800475c                . = ALIGN (0x4)

.ARM            0x000000000800475c        0x0
                0x000000000800475c                . = ALIGN (0x4)
                0x000000000800475c                __exidx_start = .
 *(.ARM.exidx*)
                0x000000000800475c                __exidx_end = .
                0x000000000800475c                . = ALIGN (0x4)

.preinit_array  0x000000000800475c        0x0
                0x000000000800475c                . = ALIGN (0x4)
                0x000000000800475c                PROVIDE (__preinit_array_start = .)
 *(.preinit_array*)
                0x000000000800475c                PROVIDE (__preinit_array_end = .)
                0x000000000800475c                . = ALIGN (0x4)

.init_array     0x000000000800475c        0x4
                0x000000000800475c                . = ALIGN (0x4)
                0x000000000800475c                PROVIDE (__init_array_start = .)
 *(SORT_BY_NAME(.init_array.*))
 *(.init_array*)
 .init_array    0x000000000800475c        0x4 C:/ST/STM32CubeIDE_1.13.0/STM32CubeIDE/plugins/com.st.stm32cube.ide.mcu.externaltools.gnu-tools-for-stm32.11.3.rel1.win32_1.1.0.202305231506/tools/bin/../lib/gcc/arm-none-eabi/11.3.1/thumb/v7-m/nofp/crtbegin.o
                0x0000000008004760                PROVIDE (__init_array_end = .)
                0x0000000008004760                . = ALIGN (0x4)

.fini_array     0x0000000008004760        0x4
                0x0000000008004760                . = ALIGN (0x4)
                [!provide]                        PROVIDE (__fini_array_start = .)
 *(SORT_BY_NAME(.fini_array.*))
 *(.fini_array*)
 .fini_array    0x0000000008004760        0x4 C:/ST/STM32CubeIDE_1.13.0/STM32CubeIDE/plugins/com.st.stm32cube.ide.mcu.externaltools.gnu-tools-for-stm32.11.3.rel1.win32_1.1.0.202305231506/tools/bin/../lib/gcc/arm-none-eabi/11.3.1/thumb/v7-m/nofp/crtbegin.o
                [!provide]                        PROVIDE (__fini_array_end = .)
                0x0000000008004764                . = ALIGN (0x4)
                0x0000000008004764                _sidata = LOADADDR (.data)

.data           0x0000000020000000       0x10 load address 0x0000000008004764
                0x0000000020000000                . = ALIGN (0x4)
                0x0000000020000000                _sdata = .
 *(.data)
 *(.data*)
 .data.ARGB_BR  0x0000000020000000        0x1 ./Core/Src/ARGB.o
                0x0000000020000000                ARGB_BR
 *fill*         0x0000000020000001        0x3 
 .data.SystemCoreClock
                0x0000000020000004        0x4 ./Core/Src/system_stm32f1xx.o
                0x0000000020000004                SystemCoreClock
 .data.uwTickPrio
                0x0000000020000008        0x4 ./Drivers/STM32F1xx_HAL_Driver/Src/stm32f1xx_hal.o
                0x0000000020000008                uwTickPrio
 .data.uwTickFreq
                0x000000002000000c        0x1 ./Drivers/STM32F1xx_HAL_Driver/Src/stm32f1xx_hal.o
                0x000000002000000c                uwTickFreq
 *(.RamFunc)
 *(.RamFunc*)
                0x0000000020000010                . = ALIGN (0x4)
 *fill*         0x000000002000000d        0x3 
                0x0000000020000010                _edata = .

.igot.plt       0x0000000020000010        0x0 load address 0x0000000008004774
 .igot.plt      0x0000000020000010        0x0 C:/ST/STM32CubeIDE_1.13.0/STM32CubeIDE/plugins/com.st.stm32cube.ide.mcu.externaltools.gnu-tools-for-stm32.11.3.rel1.win32_1.1.0.202305231506/tools/bin/../lib/gcc/arm-none-eabi/11.3.1/thumb/v7-m/nofp/crtbegin.o
                0x0000000020000010                . = ALIGN (0x4)

.bss            0x0000000020000010      0x24c load address 0x0000000008004774
                0x0000000020000010                _sbss = .
                0x0000000020000010                __bss_start__ = _sbss
 *(.bss)
 .bss           0x0000000020000010       0x1c C:/ST/STM32CubeIDE_1.13.0/STM32CubeIDE/plugins/com.st.stm32cube.ide.mcu.externaltools.gnu-tools-for-stm32.11.3.rel1.win32_1.1.0.202305231506/tools/bin/../lib/gcc/arm-none-eabi/11.3.1/thumb/v7-m/nofp/crtbegin.o
 *(.bss*)
 .bss.PWM_HI    0x000000002000002c        0x1 ./Core/Src/ARGB.o
                0x000000002000002c                PWM_HI
 .bss.PWM_LO    0x000000002000002d        0x1 ./Core/Src/ARGB.o
                0x000000002000002d                PWM_LO
 *fill*         0x000000002000002e        0x2 
 .bss.RGB_BUF   0x0000000020000030       0x1e ./Core/Src/ARGB.o
                0x0000000020000030                RGB_BUF
 .bss.ARGB_LOC_ST
                0x000000002000004e        0x1 ./Core/Src/ARGB.o
                0x000000002000004e                ARGB_LOC_ST
 *fill*         0x000000002000004f        0x1 
 .bss.hi2c1     0x0000000020000050       0x54 ./Core/Src/main.o
                0x0000000020000050                hi2c1
 .bss.htim1     0x00000000200000a4       0x48 ./Core/Src/main.o
                0x00000000200000a4                htim1
 .bss.htim2     0x00000000200000ec       0x48 ./Core/Src/main.o
                0x00000000200000ec                htim2
 .bss.htim3     0x0000000020000134       0x48 ./Core/Src/main.o
                0x0000000020000134                htim3
 .bss.huart1    0x000000002000017c       0x48 ./Core/Src/main.o
                0x000000002000017c                huart1
 .bss.sensor_1  0x00000000200001c4        0xc ./Core/Src/main.o
                0x00000000200001c4                sensor_1
 .bss.sensor_2  0x00000000200001d0        0xc ./Core/Src/main.o
                0x00000000200001d0                sensor_2
 .bss.sensor_3  0x00000000200001dc        0xc ./Core/Src/main.o
                0x00000000200001dc                sensor_3
 .bss.sensor_4  0x00000000200001e8        0xc ./Core/Src/main.o
                0x00000000200001e8                sensor_4
 .bss.pwm_1     0x00000000200001f4        0xe ./Core/Src/main.o
                0x00000000200001f4                pwm_1
 *fill*         0x0000000020000202        0x2 
 .bss.pwm_2     0x0000000020000204        0xe ./Core/Src/main.o
                0x0000000020000204                pwm_2
 *fill*         0x0000000020000212        0x2 
 .bss.pwm_3     0x0000000020000214        0xe ./Core/Src/main.o
                0x0000000020000214                pwm_3
 *fill*         0x0000000020000222        0x2 
 .bss.pwm_4     0x0000000020000224        0xe ./Core/Src/main.o
                0x0000000020000224                pwm_4
 *fill*         0x0000000020000232        0x2 
 .bss.buffer    0x0000000020000234       0x19 ./Core/Src/main.o
                0x0000000020000234                buffer
 *fill*         0x000000002000024d        0x3 
 .bss.uwTick    0x0000000020000250        0x4 ./Drivers/STM32F1xx_HAL_Driver/Src/stm32f1xx_hal.o
                0x0000000020000250                uwTick
 .bss.ina219_calibrationValue
                0x0000000020000254        0x2 ./INA219/src/INA219.o
                0x0000000020000254                ina219_calibrationValue
 .bss.ina219_currentDivider_mA
                0x0000000020000256        0x2 ./INA219/src/INA219.o
                0x0000000020000256                ina219_currentDivider_mA
 .bss.ina219_powerMultiplier_mW
                0x0000000020000258        0x2 ./INA219/src/INA219.o
                0x0000000020000258                ina219_powerMultiplier_mW
 *(COMMON)
                0x000000002000025c                . = ALIGN (0x4)
 *fill*         0x000000002000025a        0x2 
                0x000000002000025c                _ebss = .
                0x000000002000025c                __bss_end__ = _ebss

._user_heap_stack
                0x000000002000025c      0x604 load address 0x0000000008004774
                0x0000000020000260                . = ALIGN (0x8)
 *fill*         0x000000002000025c        0x4 
                [!provide]                        PROVIDE (end = .)
                0x0000000020000260                PROVIDE (_end = .)
                0x0000000020000460                . = (. + _Min_Heap_Size)
 *fill*         0x0000000020000260      0x200 
                0x0000000020000860                . = (. + _Min_Stack_Size)
 *fill*         0x0000000020000460      0x400 
                0x0000000020000860                . = ALIGN (0x8)

/DISCARD/
 libc.a(*)
 libm.a(*)
 libgcc.a(*)

.ARM.attributes
                0x0000000000000000       0x29
 *(.ARM.attributes)
 .ARM.attributes
                0x0000000000000000       0x1d C:/ST/STM32CubeIDE_1.13.0/STM32CubeIDE/plugins/com.st.stm32cube.ide.mcu.externaltools.gnu-tools-for-stm32.11.3.rel1.win32_1.1.0.202305231506/tools/bin/../lib/gcc/arm-none-eabi/11.3.1/thumb/v7-m/nofp/crti.o
 .ARM.attributes
                0x000000000000001d       0x2d C:/ST/STM32CubeIDE_1.13.0/STM32CubeIDE/plugins/com.st.stm32cube.ide.mcu.externaltools.gnu-tools-for-stm32.11.3.rel1.win32_1.1.0.202305231506/tools/bin/../lib/gcc/arm-none-eabi/11.3.1/thumb/v7-m/nofp/crtbegin.o
 .ARM.attributes
                0x000000000000004a       0x2d ./Core/Src/ARGB.o
 .ARM.attributes
                0x0000000000000077       0x2d ./Core/Src/main.o
 .ARM.attributes
                0x00000000000000a4       0x2d ./Core/Src/stm32f1xx_hal_msp.o
 .ARM.attributes
                0x00000000000000d1       0x2d ./Core/Src/stm32f1xx_it.o
 .ARM.attributes
                0x00000000000000fe       0x2d ./Core/Src/system_stm32f1xx.o
 .ARM.attributes
                0x000000000000012b       0x21 ./Core/Startup/startup_stm32f103c8tx.o
 .ARM.attributes
                0x000000000000014c       0x2d ./Drivers/STM32F1xx_HAL_Driver/Src/stm32f1xx_hal.o
 .ARM.attributes
                0x0000000000000179       0x2d ./Drivers/STM32F1xx_HAL_Driver/Src/stm32f1xx_hal_cortex.o
 .ARM.attributes
                0x00000000000001a6       0x2d ./Drivers/STM32F1xx_HAL_Driver/Src/stm32f1xx_hal_gpio.o
 .ARM.attributes
                0x00000000000001d3       0x2d ./Drivers/STM32F1xx_HAL_Driver/Src/stm32f1xx_hal_i2c.o
 .ARM.attributes
                0x0000000000000200       0x2d ./Drivers/STM32F1xx_HAL_Driver/Src/stm32f1xx_hal_rcc.o
 .ARM.attributes
                0x000000000000022d       0x2d ./Drivers/STM32F1xx_HAL_Driver/Src/stm32f1xx_hal_tim.o
 .ARM.attributes
                0x000000000000025a       0x2d ./Drivers/STM32F1xx_HAL_Driver/Src/stm32f1xx_hal_tim_ex.o
 .ARM.attributes
                0x0000000000000287       0x2d ./Drivers/STM32F1xx_HAL_Driver/Src/stm32f1xx_hal_uart.o
 .ARM.attributes
                0x00000000000002b4       0x2d ./INA219/src/INA219.o
 .ARM.attributes
                0x00000000000002e1       0x2d ./PWM/src/PWM.o
 .ARM.attributes
                0x000000000000030e       0x2d C:/ST/STM32CubeIDE_1.13.0/STM32CubeIDE/plugins/com.st.stm32cube.ide.mcu.externaltools.gnu-tools-for-stm32.11.3.rel1.win32_1.1.0.202305231506/tools/bin/../lib/gcc/arm-none-eabi/11.3.1/../../../../arm-none-eabi/lib/thumb/v7-m/nofp\libc_nano.a(libc_a-memset.o)
 .ARM.attributes
                0x000000000000033b       0x2d C:/ST/STM32CubeIDE_1.13.0/STM32CubeIDE/plugins/com.st.stm32cube.ide.mcu.externaltools.gnu-tools-for-stm32.11.3.rel1.win32_1.1.0.202305231506/tools/bin/../lib/gcc/arm-none-eabi/11.3.1/../../../../arm-none-eabi/lib/thumb/v7-m/nofp\libc_nano.a(libc_a-init.o)
 .ARM.attributes
                0x0000000000000368       0x1d C:/ST/STM32CubeIDE_1.13.0/STM32CubeIDE/plugins/com.st.stm32cube.ide.mcu.externaltools.gnu-tools-for-stm32.11.3.rel1.win32_1.1.0.202305231506/tools/bin/../lib/gcc/arm-none-eabi/11.3.1/thumb/v7-m/nofp\libgcc.a(_arm_muldf3.o)
 .ARM.attributes
                0x0000000000000385       0x1d C:/ST/STM32CubeIDE_1.13.0/STM32CubeIDE/plugins/com.st.stm32cube.ide.mcu.externaltools.gnu-tools-for-stm32.11.3.rel1.win32_1.1.0.202305231506/tools/bin/../lib/gcc/arm-none-eabi/11.3.1/thumb/v7-m/nofp\libgcc.a(_arm_addsubdf3.o)
 .ARM.attributes
                0x00000000000003a2       0x1d C:/ST/STM32CubeIDE_1.13.0/STM32CubeIDE/plugins/com.st.stm32cube.ide.mcu.externaltools.gnu-tools-for-stm32.11.3.rel1.win32_1.1.0.202305231506/tools/bin/../lib/gcc/arm-none-eabi/11.3.1/thumb/v7-m/nofp\libgcc.a(_arm_fixunsdfsi.o)
 .ARM.attributes
                0x00000000000003bf       0x1d C:/ST/STM32CubeIDE_1.13.0/STM32CubeIDE/plugins/com.st.stm32cube.ide.mcu.externaltools.gnu-tools-for-stm32.11.3.rel1.win32_1.1.0.202305231506/tools/bin/../lib/gcc/arm-none-eabi/11.3.1/thumb/v7-m/nofp/crtn.o
OUTPUT(Diagmostic_board.elf elf32-littlearm)
LOAD linker stubs
LOAD C:/ST/STM32CubeIDE_1.13.0/STM32CubeIDE/plugins/com.st.stm32cube.ide.mcu.externaltools.gnu-tools-for-stm32.11.3.rel1.win32_1.1.0.202305231506/tools/bin/../lib/gcc/arm-none-eabi/11.3.1/../../../../arm-none-eabi/lib/thumb/v7-m/nofp\libc.a
LOAD C:/ST/STM32CubeIDE_1.13.0/STM32CubeIDE/plugins/com.st.stm32cube.ide.mcu.externaltools.gnu-tools-for-stm32.11.3.rel1.win32_1.1.0.202305231506/tools/bin/../lib/gcc/arm-none-eabi/11.3.1/../../../../arm-none-eabi/lib/thumb/v7-m/nofp\libm.a
LOAD C:/ST/STM32CubeIDE_1.13.0/STM32CubeIDE/plugins/com.st.stm32cube.ide.mcu.externaltools.gnu-tools-for-stm32.11.3.rel1.win32_1.1.0.202305231506/tools/bin/../lib/gcc/arm-none-eabi/11.3.1/thumb/v7-m/nofp\libgcc.a

.comment        0x0000000000000000       0x43
 .comment       0x0000000000000000       0x43 C:/ST/STM32CubeIDE_1.13.0/STM32CubeIDE/plugins/com.st.stm32cube.ide.mcu.externaltools.gnu-tools-for-stm32.11.3.rel1.win32_1.1.0.202305231506/tools/bin/../lib/gcc/arm-none-eabi/11.3.1/thumb/v7-m/nofp/crtbegin.o
                                         0x44 (size before relaxing)
 .comment       0x0000000000000043       0x44 ./Core/Src/ARGB.o
 .comment       0x0000000000000043       0x44 ./Core/Src/main.o
 .comment       0x0000000000000043       0x44 ./Core/Src/stm32f1xx_hal_msp.o
 .comment       0x0000000000000043       0x44 ./Core/Src/stm32f1xx_it.o
 .comment       0x0000000000000043       0x44 ./Core/Src/system_stm32f1xx.o
 .comment       0x0000000000000043       0x44 ./Drivers/STM32F1xx_HAL_Driver/Src/stm32f1xx_hal.o
 .comment       0x0000000000000043       0x44 ./Drivers/STM32F1xx_HAL_Driver/Src/stm32f1xx_hal_cortex.o
 .comment       0x0000000000000043       0x44 ./Drivers/STM32F1xx_HAL_Driver/Src/stm32f1xx_hal_gpio.o
 .comment       0x0000000000000043       0x44 ./Drivers/STM32F1xx_HAL_Driver/Src/stm32f1xx_hal_i2c.o
 .comment       0x0000000000000043       0x44 ./Drivers/STM32F1xx_HAL_Driver/Src/stm32f1xx_hal_rcc.o
 .comment       0x0000000000000043       0x44 ./Drivers/STM32F1xx_HAL_Driver/Src/stm32f1xx_hal_tim.o
 .comment       0x0000000000000043       0x44 ./Drivers/STM32F1xx_HAL_Driver/Src/stm32f1xx_hal_tim_ex.o
 .comment       0x0000000000000043       0x44 ./Drivers/STM32F1xx_HAL_Driver/Src/stm32f1xx_hal_uart.o
 .comment       0x0000000000000043       0x44 ./INA219/src/INA219.o
 .comment       0x0000000000000043       0x44 ./PWM/src/PWM.o

.debug_info     0x0000000000000000     0xf9bb
 .debug_info    0x0000000000000000      0xda1 ./Core/Src/ARGB.o
 .debug_info    0x0000000000000da1     0x1454 ./Core/Src/main.o
 .debug_info    0x00000000000021f5     0x119d ./Core/Src/stm32f1xx_hal_msp.o
 .debug_info    0x0000000000003392      0x6b9 ./Core/Src/stm32f1xx_it.o
 .debug_info    0x0000000000003a4b      0x222 ./Core/Src/system_stm32f1xx.o
 .debug_info    0x0000000000003c6d       0x23 ./Core/Startup/startup_stm32f103c8tx.o
 .debug_info    0x0000000000003c90      0x704 ./Drivers/STM32F1xx_HAL_Driver/Src/stm32f1xx_hal.o
 .debug_info    0x0000000000004394      0xa87 ./Drivers/STM32F1xx_HAL_Driver/Src/stm32f1xx_hal_cortex.o
 .debug_info    0x0000000000004e1b      0x5ab ./Drivers/STM32F1xx_HAL_Driver/Src/stm32f1xx_hal_gpio.o
 .debug_info    0x00000000000053c6     0x2515 ./Drivers/STM32F1xx_HAL_Driver/Src/stm32f1xx_hal_i2c.o
 .debug_info    0x00000000000078db      0x7d5 ./Drivers/STM32F1xx_HAL_Driver/Src/stm32f1xx_hal_rcc.o
 .debug_info    0x00000000000080b0     0x293b ./Drivers/STM32F1xx_HAL_Driver/Src/stm32f1xx_hal_tim.o
 .debug_info    0x000000000000a9eb     0x149b ./Drivers/STM32F1xx_HAL_Driver/Src/stm32f1xx_hal_tim_ex.o
 .debug_info    0x000000000000be86     0x2fa8 ./Drivers/STM32F1xx_HAL_Driver/Src/stm32f1xx_hal_uart.o
 .debug_info    0x000000000000ee2e      0xa4f ./INA219/src/INA219.o
 .debug_info    0x000000000000f87d      0x13e ./PWM/src/PWM.o

.debug_abbrev   0x0000000000000000     0x222d
 .debug_abbrev  0x0000000000000000      0x350 ./Core/Src/ARGB.o
 .debug_abbrev  0x0000000000000350      0x320 ./Core/Src/main.o
 .debug_abbrev  0x0000000000000670      0x254 ./Core/Src/stm32f1xx_hal_msp.o
 .debug_abbrev  0x00000000000008c4      0x193 ./Core/Src/stm32f1xx_it.o
 .debug_abbrev  0x0000000000000a57      0x13f ./Core/Src/system_stm32f1xx.o
 .debug_abbrev  0x0000000000000b96       0x12 ./Core/Startup/startup_stm32f103c8tx.o
 .debug_abbrev  0x0000000000000ba8      0x201 ./Drivers/STM32F1xx_HAL_Driver/Src/stm32f1xx_hal.o
 .debug_abbrev  0x0000000000000da9      0x2f8 ./Drivers/STM32F1xx_HAL_Driver/Src/stm32f1xx_hal_cortex.o
 .debug_abbrev  0x00000000000010a1      0x1ca ./Drivers/STM32F1xx_HAL_Driver/Src/stm32f1xx_hal_gpio.o
 .debug_abbrev  0x000000000000126b      0x2a3 ./Drivers/STM32F1xx_HAL_Driver/Src/stm32f1xx_hal_i2c.o
 .debug_abbrev  0x000000000000150e      0x2b3 ./Drivers/STM32F1xx_HAL_Driver/Src/stm32f1xx_hal_rcc.o
 .debug_abbrev  0x00000000000017c1      0x277 ./Drivers/STM32F1xx_HAL_Driver/Src/stm32f1xx_hal_tim.o
 .debug_abbrev  0x0000000000001a38      0x282 ./Drivers/STM32F1xx_HAL_Driver/Src/stm32f1xx_hal_tim_ex.o
 .debug_abbrev  0x0000000000001cba      0x2f8 ./Drivers/STM32F1xx_HAL_Driver/Src/stm32f1xx_hal_uart.o
 .debug_abbrev  0x0000000000001fb2      0x1db ./INA219/src/INA219.o
 .debug_abbrev  0x000000000000218d       0xa0 ./PWM/src/PWM.o

.debug_aranges  0x0000000000000000      0xf88
 .debug_aranges
                0x0000000000000000       0x90 ./Core/Src/ARGB.o
 .debug_aranges
                0x0000000000000090       0x68 ./Core/Src/main.o
 .debug_aranges
                0x00000000000000f8       0x68 ./Core/Src/stm32f1xx_hal_msp.o
 .debug_aranges
                0x0000000000000160       0x70 ./Core/Src/stm32f1xx_it.o
 .debug_aranges
                0x00000000000001d0       0x28 ./Core/Src/system_stm32f1xx.o
 .debug_aranges
                0x00000000000001f8       0x28 ./Core/Startup/startup_stm32f103c8tx.o
 .debug_aranges
                0x0000000000000220       0xe0 ./Drivers/STM32F1xx_HAL_Driver/Src/stm32f1xx_hal.o
 .debug_aranges
                0x0000000000000300      0x100 ./Drivers/STM32F1xx_HAL_Driver/Src/stm32f1xx_hal_cortex.o
 .debug_aranges
                0x0000000000000400       0x58 ./Drivers/STM32F1xx_HAL_Driver/Src/stm32f1xx_hal_gpio.o
 .debug_aranges
                0x0000000000000458      0x2a8 ./Drivers/STM32F1xx_HAL_Driver/Src/stm32f1xx_hal_i2c.o
 .debug_aranges
                0x0000000000000700       0x90 ./Drivers/STM32F1xx_HAL_Driver/Src/stm32f1xx_hal_rcc.o
 .debug_aranges
                0x0000000000000790      0x3d0 ./Drivers/STM32F1xx_HAL_Driver/Src/stm32f1xx_hal_tim.o
 .debug_aranges
                0x0000000000000b60      0x168 ./Drivers/STM32F1xx_HAL_Driver/Src/stm32f1xx_hal_tim_ex.o
 .debug_aranges
                0x0000000000000cc8      0x208 ./Drivers/STM32F1xx_HAL_Driver/Src/stm32f1xx_hal_uart.o
 .debug_aranges
                0x0000000000000ed0       0x98 ./INA219/src/INA219.o
 .debug_aranges
                0x0000000000000f68       0x20 ./PWM/src/PWM.o

.debug_rnglists
                0x0000000000000000      0xc4b
 .debug_rnglists
                0x0000000000000000       0x6d ./Core/Src/ARGB.o
 .debug_rnglists
                0x000000000000006d       0x4f ./Core/Src/main.o
 .debug_rnglists
                0x00000000000000bc       0x4c ./Core/Src/stm32f1xx_hal_msp.o
 .debug_rnglists
                0x0000000000000108       0x4f ./Core/Src/stm32f1xx_it.o
 .debug_rnglists
                0x0000000000000157       0x1a ./Core/Src/system_stm32f1xx.o
 .debug_rnglists
                0x0000000000000171       0x19 ./Core/Startup/startup_stm32f103c8tx.o
 .debug_rnglists
                0x000000000000018a       0xa3 ./Drivers/STM32F1xx_HAL_Driver/Src/stm32f1xx_hal.o
 .debug_rnglists
                0x000000000000022d       0xbb ./Drivers/STM32F1xx_HAL_Driver/Src/stm32f1xx_hal_cortex.o
 .debug_rnglists
                0x00000000000002e8       0x3f ./Drivers/STM32F1xx_HAL_Driver/Src/stm32f1xx_hal_gpio.o
 .debug_rnglists
                0x0000000000000327      0x23c ./Drivers/STM32F1xx_HAL_Driver/Src/stm32f1xx_hal_i2c.o
 .debug_rnglists
                0x0000000000000563       0x6c ./Drivers/STM32F1xx_HAL_Driver/Src/stm32f1xx_hal_rcc.o
 .debug_rnglists
                0x00000000000005cf      0x31a ./Drivers/STM32F1xx_HAL_Driver/Src/stm32f1xx_hal_tim.o
 .debug_rnglists
                0x00000000000008e9      0x125 ./Drivers/STM32F1xx_HAL_Driver/Src/stm32f1xx_hal_tim_ex.o
 .debug_rnglists
                0x0000000000000a0e      0x1bc ./Drivers/STM32F1xx_HAL_Driver/Src/stm32f1xx_hal_uart.o
 .debug_rnglists
                0x0000000000000bca       0x6e ./INA219/src/INA219.o
 .debug_rnglists
                0x0000000000000c38       0x13 ./PWM/src/PWM.o

.debug_macro    0x0000000000000000    0x1846d
 .debug_macro   0x0000000000000000      0x349 ./Core/Src/ARGB.o
 .debug_macro   0x0000000000000349      0xa9c ./Core/Src/ARGB.o
 .debug_macro   0x0000000000000de5      0x221 ./Core/Src/ARGB.o
 .debug_macro   0x0000000000001006       0x2e ./Core/Src/ARGB.o
 .debug_macro   0x0000000000001034       0x22 ./Core/Src/ARGB.o
 .debug_macro   0x0000000000001056       0x22 ./Core/Src/ARGB.o
 .debug_macro   0x0000000000001078       0x8e ./Core/Src/ARGB.o
 .debug_macro   0x0000000000001106       0x51 ./Core/Src/ARGB.o
 .debug_macro   0x0000000000001157      0x103 ./Core/Src/ARGB.o
 .debug_macro   0x000000000000125a       0x6a ./Core/Src/ARGB.o
 .debug_macro   0x00000000000012c4      0x1df ./Core/Src/ARGB.o
 .debug_macro   0x00000000000014a3       0x1c ./Core/Src/ARGB.o
 .debug_macro   0x00000000000014bf       0x22 ./Core/Src/ARGB.o
 .debug_macro   0x00000000000014e1       0xbd ./Core/Src/ARGB.o
 .debug_macro   0x000000000000159e      0xd23 ./Core/Src/ARGB.o
 .debug_macro   0x00000000000022c1     0xe09e ./Core/Src/ARGB.o
 .debug_macro   0x000000000001035f       0x6d ./Core/Src/ARGB.o
 .debug_macro   0x00000000000103cc     0x348d ./Core/Src/ARGB.o
 .debug_macro   0x0000000000013859      0x174 ./Core/Src/ARGB.o
 .debug_macro   0x00000000000139cd       0x5c ./Core/Src/ARGB.o
 .debug_macro   0x0000000000013a29      0x5bc ./Core/Src/ARGB.o
 .debug_macro   0x0000000000013fe5      0x289 ./Core/Src/ARGB.o
 .debug_macro   0x000000000001426e      0x1cb ./Core/Src/ARGB.o
 .debug_macro   0x0000000000014439      0x114 ./Core/Src/ARGB.o
 .debug_macro   0x000000000001454d      0x1b2 ./Core/Src/ARGB.o
 .debug_macro   0x00000000000146ff       0x27 ./Core/Src/ARGB.o
 .debug_macro   0x0000000000014726      0x136 ./Core/Src/ARGB.o
 .debug_macro   0x000000000001485c      0x1bc ./Core/Src/ARGB.o
 .debug_macro   0x0000000000014a18       0x34 ./Core/Src/ARGB.o
 .debug_macro   0x0000000000014a4c       0x3c ./Core/Src/ARGB.o
 .debug_macro   0x0000000000014a88       0x57 ./Core/Src/ARGB.o
 .debug_macro   0x0000000000014adf       0x87 ./Core/Src/ARGB.o
 .debug_macro   0x0000000000014b66      0x240 ./Core/Src/ARGB.o
 .debug_macro   0x0000000000014da6      0x287 ./Core/Src/ARGB.o
 .debug_macro   0x000000000001502d      0x140 ./Core/Src/ARGB.o
 .debug_macro   0x000000000001516d      0x8ed ./Core/Src/ARGB.o
 .debug_macro   0x0000000000015a5a      0x28e ./Core/Src/ARGB.o
 .debug_macro   0x0000000000015ce8       0x83 ./Core/Src/ARGB.o
 .debug_macro   0x0000000000015d6b       0x24 ./Core/Src/ARGB.o
 .debug_macro   0x0000000000015d8f       0x61 ./Core/Src/ARGB.o
 .debug_macro   0x0000000000015df0       0x43 ./Core/Src/ARGB.o
 .debug_macro   0x0000000000015e33       0x34 ./Core/Src/ARGB.o
 .debug_macro   0x0000000000015e67       0x16 ./Core/Src/ARGB.o
 .debug_macro   0x0000000000015e7d       0x35 ./Core/Src/ARGB.o
 .debug_macro   0x0000000000015eb2       0x16 ./Core/Src/ARGB.o
 .debug_macro   0x0000000000015ec8       0x43 ./Core/Src/ARGB.o
 .debug_macro   0x0000000000015f0b       0x34 ./Core/Src/ARGB.o
 .debug_macro   0x0000000000015f3f       0x10 ./Core/Src/ARGB.o
 .debug_macro   0x0000000000015f4f       0x58 ./Core/Src/ARGB.o
 .debug_macro   0x0000000000015fa7       0x8e ./Core/Src/ARGB.o
 .debug_macro   0x0000000000016035       0x1c ./Core/Src/ARGB.o
 .debug_macro   0x0000000000016051      0x177 ./Core/Src/ARGB.o
 .debug_macro   0x00000000000161c8      0x369 ./Core/Src/ARGB.o
 .debug_macro   0x0000000000016531       0x16 ./Core/Src/ARGB.o
 .debug_macro   0x0000000000016547       0x29 ./Core/Src/ARGB.o
 .debug_macro   0x0000000000016570       0x22 ./Core/Src/ARGB.o
 .debug_macro   0x0000000000016592       0x16 ./Core/Src/ARGB.o
 .debug_macro   0x00000000000165a8       0x20 ./Core/Src/ARGB.o
 .debug_macro   0x00000000000165c8       0x1c ./Core/Src/ARGB.o
 .debug_macro   0x00000000000165e4       0x10 ./Core/Src/ARGB.o
 .debug_macro   0x00000000000165f4       0x1c ./Core/Src/ARGB.o
 .debug_macro   0x0000000000016610       0x16 ./Core/Src/ARGB.o
 .debug_macro   0x0000000000016626      0x147 ./Core/Src/ARGB.o
 .debug_macro   0x000000000001676d       0x2e ./Core/Src/ARGB.o
 .debug_macro   0x000000000001679b      0x19b ./Core/Src/ARGB.o
 .debug_macro   0x0000000000016936      0x320 ./Core/Src/main.o
 .debug_macro   0x0000000000016c56      0x118 ./Core/Src/main.o
 .debug_macro   0x0000000000016d6e      0x1b7 ./Core/Src/stm32f1xx_hal_msp.o
 .debug_macro   0x0000000000016f25      0x1c1 ./Core/Src/stm32f1xx_it.o
 .debug_macro   0x00000000000170e6      0x1ad ./Core/Src/system_stm32f1xx.o
 .debug_macro   0x0000000000017293      0x1d1 ./Drivers/STM32F1xx_HAL_Driver/Src/stm32f1xx_hal.o
 .debug_macro   0x0000000000017464      0x1ad ./Drivers/STM32F1xx_HAL_Driver/Src/stm32f1xx_hal_cortex.o
 .debug_macro   0x0000000000017611      0x218 ./Drivers/STM32F1xx_HAL_Driver/Src/stm32f1xx_hal_gpio.o
 .debug_macro   0x0000000000017829      0x1fb ./Drivers/STM32F1xx_HAL_Driver/Src/stm32f1xx_hal_i2c.o
 .debug_macro   0x0000000000017a24      0x1bf ./Drivers/STM32F1xx_HAL_Driver/Src/stm32f1xx_hal_rcc.o
 .debug_macro   0x0000000000017be3      0x1ae ./Drivers/STM32F1xx_HAL_Driver/Src/stm32f1xx_hal_tim.o
 .debug_macro   0x0000000000017d91      0x1ad ./Drivers/STM32F1xx_HAL_Driver/Src/stm32f1xx_hal_tim_ex.o
 .debug_macro   0x0000000000017f3e      0x1ae ./Drivers/STM32F1xx_HAL_Driver/Src/stm32f1xx_hal_uart.o
 .debug_macro   0x00000000000180ec      0x1c0 ./INA219/src/INA219.o
 .debug_macro   0x00000000000182ac      0x1c1 ./PWM/src/PWM.o

.debug_line     0x0000000000000000    0x12683
 .debug_line    0x0000000000000000     0x1090 ./Core/Src/ARGB.o
 .debug_line    0x0000000000001090      0xd2a ./Core/Src/main.o
 .debug_line    0x0000000000001dba      0x890 ./Core/Src/stm32f1xx_hal_msp.o
 .debug_line    0x000000000000264a      0x806 ./Core/Src/stm32f1xx_it.o
 .debug_line    0x0000000000002e50      0x792 ./Core/Src/system_stm32f1xx.o
 .debug_line    0x00000000000035e2       0x78 ./Core/Startup/startup_stm32f103c8tx.o
 .debug_line    0x000000000000365a      0x9bf ./Drivers/STM32F1xx_HAL_Driver/Src/stm32f1xx_hal.o
 .debug_line    0x0000000000004019      0xba7 ./Drivers/STM32F1xx_HAL_Driver/Src/stm32f1xx_hal_cortex.o
 .debug_line    0x0000000000004bc0      0xa58 ./Drivers/STM32F1xx_HAL_Driver/Src/stm32f1xx_hal_gpio.o
 .debug_line    0x0000000000005618     0x3b36 ./Drivers/STM32F1xx_HAL_Driver/Src/stm32f1xx_hal_i2c.o
 .debug_line    0x000000000000914e      0xdc8 ./Drivers/STM32F1xx_HAL_Driver/Src/stm32f1xx_hal_rcc.o
 .debug_line    0x0000000000009f16     0x34ab ./Drivers/STM32F1xx_HAL_Driver/Src/stm32f1xx_hal_tim.o
 .debug_line    0x000000000000d3c1     0x191e ./Drivers/STM32F1xx_HAL_Driver/Src/stm32f1xx_hal_tim_ex.o
 .debug_line    0x000000000000ecdf     0x28ed ./Drivers/STM32F1xx_HAL_Driver/Src/stm32f1xx_hal_uart.o
 .debug_line    0x00000000000115cc      0x941 ./INA219/src/INA219.o
 .debug_line    0x0000000000011f0d      0x776 ./PWM/src/PWM.o

.debug_str      0x0000000000000000    0x8d8ef
 .debug_str     0x0000000000000000    0x8935e ./Core/Src/ARGB.o
                                      0x8979d (size before relaxing)
 .debug_str     0x000000000008935e      0xfe7 ./Core/Src/main.o
                                      0x89d92 (size before relaxing)
 .debug_str     0x000000000008a345      0x3fc ./Core/Src/stm32f1xx_hal_msp.o
                                      0x85c4e (size before relaxing)
 .debug_str     0x000000000008a741       0xff ./Core/Src/stm32f1xx_it.o
                                      0x853dc (size before relaxing)
 .debug_str     0x000000000008a840       0x7e ./Core/Src/system_stm32f1xx.o
                                      0x84ee8 (size before relaxing)
 .debug_str     0x000000000008a8be       0x34 ./Core/Startup/startup_stm32f103c8tx.o
                                         0x5f (size before relaxing)
 .debug_str     0x000000000008a8f2      0x384 ./Drivers/STM32F1xx_HAL_Driver/Src/stm32f1xx_hal.o
                                      0x8561b (size before relaxing)
 .debug_str     0x000000000008ac76      0x294 ./Drivers/STM32F1xx_HAL_Driver/Src/stm32f1xx_hal_cortex.o
                                      0x85567 (size before relaxing)
 .debug_str     0x000000000008af0a      0x2e6 ./Drivers/STM32F1xx_HAL_Driver/Src/stm32f1xx_hal_gpio.o
                                      0x8526e (size before relaxing)
 .debug_str     0x000000000008b1f0      0xbb9 ./Drivers/STM32F1xx_HAL_Driver/Src/stm32f1xx_hal_i2c.o
                                      0x85faf (size before relaxing)
 .debug_str     0x000000000008bda9      0x1f4 ./Drivers/STM32F1xx_HAL_Driver/Src/stm32f1xx_hal_rcc.o
                                      0x85317 (size before relaxing)
 .debug_str     0x000000000008bf9d      0xcd8 ./Drivers/STM32F1xx_HAL_Driver/Src/stm32f1xx_hal_tim.o
                                      0x86309 (size before relaxing)
 .debug_str     0x000000000008cc75      0x493 ./Drivers/STM32F1xx_HAL_Driver/Src/stm32f1xx_hal_tim_ex.o
                                      0x85b25 (size before relaxing)
 .debug_str     0x000000000008d108      0x615 ./Drivers/STM32F1xx_HAL_Driver/Src/stm32f1xx_hal_uart.o
                                      0x85988 (size before relaxing)
 .debug_str     0x000000000008d71d      0x1c1 ./INA219/src/INA219.o
                                      0x85c2f (size before relaxing)
 .debug_str     0x000000000008d8de       0x11 ./PWM/src/PWM.o
                                      0x84e8d (size before relaxing)

.debug_frame    0x0000000000000000     0x4304
 .debug_frame   0x0000000000000000      0x244 ./Core/Src/ARGB.o
 .debug_frame   0x0000000000000244      0x158 ./Core/Src/main.o
 .debug_frame   0x000000000000039c      0x184 ./Core/Src/stm32f1xx_hal_msp.o
 .debug_frame   0x0000000000000520      0x13c ./Core/Src/stm32f1xx_it.o
 .debug_frame   0x000000000000065c       0x58 ./Core/Src/system_stm32f1xx.o
 .debug_frame   0x00000000000006b4      0x334 ./Drivers/STM32F1xx_HAL_Driver/Src/stm32f1xx_hal.o
 .debug_frame   0x00000000000009e8      0x428 ./Drivers/STM32F1xx_HAL_Driver/Src/stm32f1xx_hal_cortex.o
 .debug_frame   0x0000000000000e10      0x14c ./Drivers/STM32F1xx_HAL_Driver/Src/stm32f1xx_hal_gpio.o
 .debug_frame   0x0000000000000f5c      0xc84 ./Drivers/STM32F1xx_HAL_Driver/Src/stm32f1xx_hal_i2c.o
 .debug_frame   0x0000000000001be0      0x218 ./Drivers/STM32F1xx_HAL_Driver/Src/stm32f1xx_hal_rcc.o
 .debug_frame   0x0000000000001df8     0x11bc ./Drivers/STM32F1xx_HAL_Driver/Src/stm32f1xx_hal_tim.o
 .debug_frame   0x0000000000002fb4      0x638 ./Drivers/STM32F1xx_HAL_Driver/Src/stm32f1xx_hal_tim_ex.o
 .debug_frame   0x00000000000035ec      0x944 ./Drivers/STM32F1xx_HAL_Driver/Src/stm32f1xx_hal_uart.o
 .debug_frame   0x0000000000003f30      0x250 ./INA219/src/INA219.o
 .debug_frame   0x0000000000004180       0x38 ./PWM/src/PWM.o
 .debug_frame   0x00000000000041b8       0x20 C:/ST/STM32CubeIDE_1.13.0/STM32CubeIDE/plugins/com.st.stm32cube.ide.mcu.externaltools.gnu-tools-for-stm32.11.3.rel1.win32_1.1.0.202305231506/tools/bin/../lib/gcc/arm-none-eabi/11.3.1/../../../../arm-none-eabi/lib/thumb/v7-m/nofp\libc_nano.a(libc_a-memset.o)
 .debug_frame   0x00000000000041d8       0x2c C:/ST/STM32CubeIDE_1.13.0/STM32CubeIDE/plugins/com.st.stm32cube.ide.mcu.externaltools.gnu-tools-for-stm32.11.3.rel1.win32_1.1.0.202305231506/tools/bin/../lib/gcc/arm-none-eabi/11.3.1/../../../../arm-none-eabi/lib/thumb/v7-m/nofp\libc_nano.a(libc_a-init.o)
 .debug_frame   0x0000000000004204       0x30 C:/ST/STM32CubeIDE_1.13.0/STM32CubeIDE/plugins/com.st.stm32cube.ide.mcu.externaltools.gnu-tools-for-stm32.11.3.rel1.win32_1.1.0.202305231506/tools/bin/../lib/gcc/arm-none-eabi/11.3.1/thumb/v7-m/nofp\libgcc.a(_arm_muldf3.o)
 .debug_frame   0x0000000000004234       0xac C:/ST/STM32CubeIDE_1.13.0/STM32CubeIDE/plugins/com.st.stm32cube.ide.mcu.externaltools.gnu-tools-for-stm32.11.3.rel1.win32_1.1.0.202305231506/tools/bin/../lib/gcc/arm-none-eabi/11.3.1/thumb/v7-m/nofp\libgcc.a(_arm_addsubdf3.o)
 .debug_frame   0x00000000000042e0       0x24 C:/ST/STM32CubeIDE_1.13.0/STM32CubeIDE/plugins/com.st.stm32cube.ide.mcu.externaltools.gnu-tools-for-stm32.11.3.rel1.win32_1.1.0.202305231506/tools/bin/../lib/gcc/arm-none-eabi/11.3.1/thumb/v7-m/nofp\libgcc.a(_arm_fixunsdfsi.o)

.debug_line_str
                0x0000000000000000       0x53
 .debug_line_str
                0x0000000000000000       0x53 ./Core/Startup/startup_stm32f103c8tx.o
                                         0x6b (size before relaxing)
