../Core/Src/main.c:85:5:main	8	static
../Core/Src/main.c:174:6:SystemClock_Config	72	static
../Core/Src/main.c:214:13:MX_I2C1_Init	8	static
../Core/Src/main.c:248:13:MX_TIM1_Init	32	static
../Core/Src/main.c:315:13:MX_TIM2_Init	32	static
../Core/Src/main.c:381:13:MX_TIM3_Init	48	static
../Core/Src/main.c:434:13:MX_USART1_UART_Init	8	static
../Core/Src/main.c:467:13:MX_GPIO_Init	24	static
../Core/Src/main.c:483:6:HAL_TIM_IC_CaptureCallback	16	static
../Core/Src/main.c:523:6:Error_Handler	4	static,ignoring_inline_asm
