../Core/Src/main.c:86:5:main	8	static
../Core/Src/main.c:173:6:SystemClock_Config	72	static
../Core/Src/main.c:213:13:MX_I2C1_Init	8	static
../Core/Src/main.c:247:13:MX_TIM1_Init	32	static
../Core/Src/main.c:311:13:MX_TIM2_Init	32	static
../Core/Src/main.c:374:13:MX_TIM3_Init	48	static
../Core/Src/main.c:427:13:MX_USART1_UART_Init	8	static
../Core/Src/main.c:460:13:MX_GPIO_Init	24	static
../Core/Src/main.c:475:6:HAL_TIM_IC_CaptureCallback	16	static
../Core/Src/main.c:514:6:Error_Handler	4	static,ignoring_inline_asm
